../Core/Src/main.c:87:6:delay	16	static
../Core/Src/main.c:94:6:Set_Pin_Output	32	static
../Core/Src/main.c:103:6:Set_Pin_Input	32	static
../Core/Src/main.c:116:9:DS18B20_Start	16	static
../Core/Src/main.c:134:6:DS18B20_Write	24	static
../Core/Src/main.c:166:9:DS18B20_Read	16	static
../Core/Src/main.c:188:7:DS18B20_Readvalue	16	static
../Core/Src/main.c:219:5:__io_putchar	16	static
../Core/Src/main.c:230:5:main	8	static
../Core/Src/main.c:330:6:SystemClock_Config	72	static
../Core/Src/main.c:370:13:MX_I2C1_Init	8	static
../Core/Src/main.c:404:13:MX_I2C2_Init	8	static
../Core/Src/main.c:438:13:MX_TIM1_Init	32	static
../Core/Src/main.c:484:13:MX_USART1_UART_Init	8	static
../Core/Src/main.c:517:13:MX_GPIO_Init	40	static
../Core/Src/main.c:549:6:HAL_UART_RxCpltCallback	16	static
../Core/Src/main.c:576:6:HAL_GPIO_EXTI_Callback	16	static
../Core/Src/main.c:589:6:task1	40	static
../Core/Src/main.c:609:6:task2	24	static
../Core/Src/main.c:629:6:canh_bao	16	static
../Core/Src/main.c:659:6:hien_thi	24	static
../Core/Src/main.c:664:6:hien_thilux	16	static
../Core/Src/main.c:686:6:hien_thitemp	16	static
../Core/Src/main.c:697:6:Error_Handler	4	static,ignoring_inline_asm
