../Core/Src/main.c:94:5:__io_putchar	16	static
../Core/Src/main.c:117:6:delay	16	static
../Core/Src/main.c:124:6:Set_Pin_Output	32	static
../Core/Src/main.c:133:6:Set_Pin_Input	32	static
../Core/Src/main.c:147:9:DS18B20_Start	16	static
../Core/Src/main.c:165:6:DS18B20_Write	24	static
../Core/Src/main.c:197:9:DS18B20_Read	16	static
../Core/Src/main.c:219:7:DS18B20_Readvalue	16	static
../Core/Src/main.c:242:6:hien_thilux	16	static
../Core/Src/main.c:264:6:hien_thitemp	16	static
../Core/Src/main.c:269:6:chuki	24	static
../Core/Src/main.c:288:6:hien_thi	24	static
../Core/Src/main.c:292:6:canh_bao	8	static
../Core/Src/main.c:318:5:main	16	static
../Core/Src/main.c:381:6:SystemClock_Config	72	static
../Core/Src/main.c:421:13:MX_I2C1_Init	8	static
../Core/Src/main.c:455:13:MX_I2C2_Init	8	static
../Core/Src/main.c:489:13:MX_TIM1_Init	32	static
../Core/Src/main.c:535:13:MX_USART1_UART_Init	8	static
../Core/Src/main.c:568:13:MX_GPIO_Init	40	static
../Core/Src/main.c:613:6:HAL_UART_RxCpltCallback	16	static
../Core/Src/main.c:642:6:TempRead	24	static
../Core/Src/main.c:660:7:LuxRead	24	static
../Core/Src/main.c:682:7:ReceiveData	64	static
../Core/Src/main.c:726:7:Buttons	24	static
../Core/Src/main.c:759:7:Warning_system	32	static
../Core/Src/main.c:793:6:HAL_TIM_PeriodElapsedCallback	16	static
../Core/Src/main.c:810:6:Error_Handler	4	static,ignoring_inline_asm
